# RTL_ID 22011200
#
# Events:
#    N - no event
#    E - exception
#    I - interrupt
#    W - wakeup
# =====================================================================================
# : Core Reset
# =====================================================================================
# Test: illegal.hex
#           Time   Ev  Curr_PC    Instr      Next_PC    Reg        Value     
# =====================================================================================
               3   N   00000000   00000000   00000400   ---        --------
               6   N   00000400   0000e101   00000404   x10_a0     00000000
               7   N   00000404   00004e01   00000406   ---        --------
               8   N   00000406   00000297   00000408   x28_t3     00000000
               9   N   00000408   df828293   0000040c   x05_t0     00000408
              10   N   0000040c   30529073   00000410   x05_t0     00000200
              11   N   00000410   00004505   00000414   ---        --------
              12   N   00000414   0000057e   00000416   x10_a0     00000001
              13   N   00000416   00054863   00000418   x10_a0     80000000
              14   N   00000418   0ff0000f   00000428   ---        --------
              17   N   00000428   00028f63   0000042c   x05_t0     00000000
              18   N   0000042c   10529073   0000044a   ---        --------
              22   N   0000044a   00006509   0000044e   ---        --------
              23   N   0000044e   00006509   0000044e   ---        --------
              24   N   0000044e   80050513   00000450   x10_a0     00002000
              25   N   00000450   30052073   00000454   x10_a0     00001800
              26   N   00000454   00000297   00000458   ---        --------
              27   N   00000458   00000297   00000458   ---        --------
              28   N   00000458   6b028293   0000045c   x05_t0     00000458
              29   N   0000045c   34129073   00000460   x05_t0     00000b08
              30   N   00000460   f1402573   00000464   ---        --------
              31   N   00000464   30200073   00000468   x10_a0     00000000
              33   N   00000468   00000000   00000b08   ---        --------
              36   N   00000b08   00000000   00000b0c   x28_t3     00000002
              37   E   00000b0c   00000000   00000200   mstatus    00001800
              37   E   00000b0c   00000000   00000200   mepc       00000b0c
              37   E   00000b0c   00000000   00000200   mcause     00000002
              37   E   00000b0c   00000000   00000200   mtval      00000000
              40   N   00000200   000047a1   00000204   x14_a4     00000002
              41   N   00000204   04f70563   00000206   x15_a5     00000008
              42   N   00000206   000047a5   0000020a   ---        --------
              43   N   0000020a   04f70263   0000020c   x15_a5     00000009
              44   N   0000020c   000047ad   00000210   ---        --------
              45   N   00000210   02f70f63   00000212   x15_a5     0000000b
              46   N   00000212   47ad0837   00000216   ---        --------
              48   N   00000216   02f71897   0000021a   x16_a6     f0000000
              50   N   0000021a   f0008893   0000021e   x17_a7     0000121a
              52   N   0000021e   00008783   00000222   x17_a7     00000b00
              55   N   00000222   0000c791   00000226   x15_a5     00000069
              56   N   00000226   00f82023   00000228   ---        --------
              58   N   00000228   00000885   0000022c   ---        --------
              59   N   0000022c   ff5ff06f   0000022e   x17_a7     00000b01
              60   N   0000022e   000047a9   00000222   ---        --------
              65   N   00000222   0000c791   00000226   x15_a5     0000006c
              66   N   00000226   00f82023   00000228   ---        --------
              68   N   00000228   00000885   0000022c   ---        --------
              69   N   0000022c   ff5ff06f   0000022e   x17_a7     00000b02
              70   N   0000022e   000047a9   00000222   ---        --------
              75   N   00000222   0000c791   00000226   x15_a5     0000006c
              76   N   00000226   00f82023   00000228   ---        --------
              78   N   00000228   00000885   0000022c   ---        --------
              79   N   0000022c   ff5ff06f   0000022e   x17_a7     00000b03
              80   N   0000022e   000047a9   00000222   ---        --------
              85   N   00000222   0000c791   00000226   x15_a5     00000065
              86   N   00000226   00f82023   00000228   ---        --------
              88   N   00000228   00000885   0000022c   ---        --------
              89   N   0000022c   ff5ff06f   0000022e   x17_a7     00000b04
              90   N   0000022e   000047a9   00000222   ---        --------
              95   N   00000222   0000c791   00000226   x15_a5     00000067
              96   N   00000226   00f82023   00000228   ---        --------
              98   N   00000228   00000885   0000022c   ---        --------
              99   N   0000022c   ff5ff06f   0000022e   x17_a7     00000b05
             100   N   0000022e   000047a9   00000222   ---        --------
             105   N   00000222   0000c791   00000226   x15_a5     00000061
             106   N   00000226   00f82023   00000228   ---        --------
             108   N   00000228   00000885   0000022c   ---        --------
             109   N   0000022c   ff5ff06f   0000022e   x17_a7     00000b06
             110   N   0000022e   000047a9   00000222   ---        --------
             115   N   00000222   0000c791   00000226   x15_a5     0000006c
             116   N   00000226   00f82023   00000228   ---        --------
             118   N   00000228   00000885   0000022c   ---        --------
             119   N   0000022c   ff5ff06f   0000022e   x17_a7     00000b07
             120   N   0000022e   000047a9   00000222   ---        --------
             125   N   00000222   0000c791   00000226   x15_a5     00000000
             126   N   00000226   00f82023   00000232   ---        --------
             129   N   00000232   00f82023   00000234   x15_a5     0000000a
             131   N   00000234   00001717   00000238   ---        --------
             132   N   00000238   ac870713   0000023c   x14_a4     00001238
             133   N   0000023c   0000c311   00000240   x14_a4     00000d00
             134   N   00000240   00008702   00000242   ---        --------
             135   N   00000242   34202773   00000d00   ---        --------
             138   N   00000d00   e5dff06f   00000d40   ---        --------
             141   N   00000d40   342022f3   00000d44   x06_t1     00000002
             142   N   00000d44   ea629ee3   00000d48   x05_t0     00000002
             143   N   00000d48   341022f3   00000d4c   ---        --------
             144   N   00000d4c   343023f3   00000d50   x05_t0     00000b0c
             145   N   00000d50   00038e63   00000d54   x07_t2     00000000
             146   N   00000d54   0002d303   00000d70   ---        --------
             149   N   00000d70   d9c30313   00000d74   x06_t1     00000d70
             150   N   00000d74   04628e63   00000d78   x06_t1     00000b0c
             151   N   00000d78   00000317   00000dd4   ---        --------
             154   N   00000dd4   34129073   00000dd8   x05_t0     00000b14
             155   N   00000dd8   30200073   00000ddc   ---        --------
             157   N   00000ddc   00200337   00000b14   ---        --------
             160   N   00000b14   80028293   00000b18   x05_t0     00002000
             161   N   00000b18   3002b073   00000b1c   x05_t0     00001800
             162   N   00000b1c   00001337   00000b20   ---        --------
             163   N   00000b20   00001337   00000b20   ---        --------
             164   N   00000b20   80030313   00000b24   x06_t1     00001000
             165   N   00000b24   30032073   00000b28   x06_t1     00000800
             166   N   00000b28   300023f3   00000b2c   ---        --------
             167   N   00000b2c   300023f3   00000b2c   ---        --------
             168   N   00000b2c   0053f3b3   00000b30   x07_t2     00001880
             169   N   00000b30   0e731063   00000b34   x07_t2     00001800
             170   N   00000b34   34415073   00000c14   ---        --------
             173   N   00000c14   000e0593   00000c18   ---        --------
             174   N   00000c18   00000513   00000c1c   x11_a1     00000002
             175   N   00000c1c   00000073   00000c20   x10_a0     00000000
             176   E   00000c20   00000013   00000200   mstatus    00001800
             176   E   00000c20   00000013   00000200   mepc       00000c20
             176   E   00000c20   00000013   00000200   mcause     0000000b
             176   E   00000c20   00000013   00000200   mtval      00000000
             179   N   00000200   000047a1   00000204   x14_a4     0000000b
             180   N   00000204   04f70563   00000206   x15_a5     00000008
             181   N   00000206   000047a5   0000020a   ---        --------
             182   N   0000020a   04f70263   0000020c   x15_a5     00000009
             183   N   0000020c   000047ad   00000210   ---        --------
             184   N   00000210   02f70f63   00000212   x15_a5     0000000b
             185   N   00000212   47ad0837   00000250   ---        --------
             188   N   00000250   00000013   00000ee0   ---        --------
             191   N   00000ee0   21428293   00000ee4   x05_t0     fffffee0
             192   N   00000ee4   00008282   00000ee8   x05_t0     000000f4
             193   N   00000ee8   00000013   000000f4   ---        --------
             196   N   000000f4   0000006f   000000f8   ---        --------
             197   N   000000f8   ffffffff   000000f8   ---        --------
